[    6294ms] [INFO] Slow network is detected. See https://www.chromestatus.com/feature/5636954674692096 for more details. Fallback font will be used while loading: https://fonts.gstatic.com/s/materialsymbolsoutlined/v332/kJEhBvYX7BgnkSrUwT8OhrdQw4oELdPIeeII9v6oFsI.woff2 @ https://yxg.130814.xyz/#/:0
[    6405ms] [VERBOSE] [DOM] Password field is not contained in a form: (More info: https://goo.gl/9p2vKq) %o @ https://yxg.130814.xyz/#/:0
[    8208ms] [ERROR] Failed to load resource: the server responded with a status of 404 () @ https://fonts.gstatic.com/s/manrope/v15/xn7_YHE41ni1AdIRqAuZuw1Bx9mbZk59FO_F87jxeN7B.woff2:0
[   11428ms] [ERROR] Failed to load resource: the server responded with a status of 404 () @ https://yxg.130814.xyz/favicon.ico:0
[   33599ms] [ERROR] WebSocket connection to 'wss://yxg.130814.xyz/ws?token=eyJhbGciOiJIUzI1NiIsInR5cCI6IkpXVCJ9.eyJzdWIiOiIzIiwic3RhZmZfaWQiOiI0MTI1MTUwMDAxIiwicm9sZSI6InN0dWRlbnQiLCJjb2xsZWdlX2lkIjoxNywiY2xhc3NfaWQiOjEsIm5hbWUiOiJcdTllYzRcdTk3NTkiLCJleHAiOjE3Nzc3MjkzMjZ9.grHkCsDi7TfdK5RdlN3f__-d9vt3M1ny9utdcjs3f9s' failed: Error during WebSocket handshake: Unexpected response code: 200 @ https://yxg.130814.xyz/assets/index-Dkkm-1l8.js:24
[   33599ms] [LOG] [WS] disconnected @ https://yxg.130814.xyz/assets/index-Dkkm-1l8.js:31
[   33599ms] [LOG] [WS] reconnect #1 in 1000ms @ https://yxg.130814.xyz/assets/index-Dkkm-1l8.js:31
[   36072ms] [ERROR] WebSocket connection to 'wss://yxg.130814.xyz/ws?token=eyJhbGciOiJIUzI1NiIsInR5cCI6IkpXVCJ9.eyJzdWIiOiIzIiwic3RhZmZfaWQiOiI0MTI1MTUwMDAxIiwicm9sZSI6InN0dWRlbnQiLCJjb2xsZWdlX2lkIjoxNywiY2xhc3NfaWQiOjEsIm5hbWUiOiJcdTllYzRcdTk3NTkiLCJleHAiOjE3Nzc3MjkzMjZ9.grHkCsDi7TfdK5RdlN3f__-d9vt3M1ny9utdcjs3f9s' failed: Error during WebSocket handshake: Unexpected response code: 200 @ https://yxg.130814.xyz/assets/index-Dkkm-1l8.js:24
[   36072ms] [LOG] [WS] disconnected @ https://yxg.130814.xyz/assets/index-Dkkm-1l8.js:31
[   36072ms] [LOG] [WS] reconnect #2 in 2000ms @ https://yxg.130814.xyz/assets/index-Dkkm-1l8.js:31
[   39593ms] [ERROR] WebSocket connection to 'wss://yxg.130814.xyz/ws?token=eyJhbGciOiJIUzI1NiIsInR5cCI6IkpXVCJ9.eyJzdWIiOiIzIiwic3RhZmZfaWQiOiI0MTI1MTUwMDAxIiwicm9sZSI6InN0dWRlbnQiLCJjb2xsZWdlX2lkIjoxNywiY2xhc3NfaWQiOjEsIm5hbWUiOiJcdTllYzRcdTk3NTkiLCJleHAiOjE3Nzc3MjkzMjZ9.grHkCsDi7TfdK5RdlN3f__-d9vt3M1ny9utdcjs3f9s' failed: Error during WebSocket handshake: Unexpected response code: 200 @ https://yxg.130814.xyz/assets/index-Dkkm-1l8.js:24
[   39593ms] [LOG] [WS] disconnected @ https://yxg.130814.xyz/assets/index-Dkkm-1l8.js:31
[   39593ms] [LOG] [WS] reconnect #3 in 4000ms @ https://yxg.130814.xyz/assets/index-Dkkm-1l8.js:31
[   45495ms] [ERROR] WebSocket connection to 'wss://yxg.130814.xyz/ws?token=eyJhbGciOiJIUzI1NiIsInR5cCI6IkpXVCJ9.eyJzdWIiOiIzIiwic3RhZmZfaWQiOiI0MTI1MTUwMDAxIiwicm9sZSI6InN0dWRlbnQiLCJjb2xsZWdlX2lkIjoxNywiY2xhc3NfaWQiOjEsIm5hbWUiOiJcdTllYzRcdTk3NTkiLCJleHAiOjE3Nzc3MjkzMjZ9.grHkCsDi7TfdK5RdlN3f__-d9vt3M1ny9utdcjs3f9s' failed: Error during WebSocket handshake: Unexpected response code: 200 @ https://yxg.130814.xyz/assets/index-Dkkm-1l8.js:24
[   45495ms] [LOG] [WS] disconnected @ https://yxg.130814.xyz/assets/index-Dkkm-1l8.js:31
[   45495ms] [LOG] [WS] reconnect #4 in 8000ms @ https://yxg.130814.xyz/assets/index-Dkkm-1l8.js:31
[   55013ms] [ERROR] WebSocket connection to 'wss://yxg.130814.xyz/ws?token=eyJhbGciOiJIUzI1NiIsInR5cCI6IkpXVCJ9.eyJzdWIiOiIzIiwic3RhZmZfaWQiOiI0MTI1MTUwMDAxIiwicm9sZSI6InN0dWRlbnQiLCJjb2xsZWdlX2lkIjoxNywiY2xhc3NfaWQiOjEsIm5hbWUiOiJcdTllYzRcdTk3NTkiLCJleHAiOjE3Nzc3MjkzMjZ9.grHkCsDi7TfdK5RdlN3f__-d9vt3M1ny9utdcjs3f9s' failed: Error during WebSocket handshake: Unexpected response code: 200 @ https://yxg.130814.xyz/assets/index-Dkkm-1l8.js:24
[   55013ms] [LOG] [WS] disconnected @ https://yxg.130814.xyz/assets/index-Dkkm-1l8.js:31
[   55013ms] [LOG] [WS] reconnect #5 in 16000ms @ https://yxg.130814.xyz/assets/index-Dkkm-1l8.js:31
[   72540ms] [ERROR] WebSocket connection to 'wss://yxg.130814.xyz/ws?token=eyJhbGciOiJIUzI1NiIsInR5cCI6IkpXVCJ9.eyJzdWIiOiIzIiwic3RhZmZfaWQiOiI0MTI1MTUwMDAxIiwicm9sZSI6InN0dWRlbnQiLCJjb2xsZWdlX2lkIjoxNywiY2xhc3NfaWQiOjEsIm5hbWUiOiJcdTllYzRcdTk3NTkiLCJleHAiOjE3Nzc3MjkzMjZ9.grHkCsDi7TfdK5RdlN3f__-d9vt3M1ny9utdcjs3f9s' failed: Error during WebSocket handshake: Unexpected response code: 200 @ https://yxg.130814.xyz/assets/index-Dkkm-1l8.js:24
[   72540ms] [LOG] [WS] disconnected @ https://yxg.130814.xyz/assets/index-Dkkm-1l8.js:31
[   72540ms] [LOG] [WS] reconnect #6 in 30000ms @ https://yxg.130814.xyz/assets/index-Dkkm-1l8.js:31
[  104040ms] [ERROR] WebSocket connection to 'wss://yxg.130814.xyz/ws?token=eyJhbGciOiJIUzI1NiIsInR5cCI6IkpXVCJ9.eyJzdWIiOiIzIiwic3RhZmZfaWQiOiI0MTI1MTUwMDAxIiwicm9sZSI6InN0dWRlbnQiLCJjb2xsZWdlX2lkIjoxNywiY2xhc3NfaWQiOjEsIm5hbWUiOiJcdTllYzRcdTk3NTkiLCJleHAiOjE3Nzc3MjkzMjZ9.grHkCsDi7TfdK5RdlN3f__-d9vt3M1ny9utdcjs3f9s' failed: Error during WebSocket handshake: Unexpected response code: 200 @ https://yxg.130814.xyz/assets/index-Dkkm-1l8.js:24
[  104040ms] [LOG] [WS] disconnected @ https://yxg.130814.xyz/assets/index-Dkkm-1l8.js:31
[  104040ms] [LOG] [WS] reconnect #7 in 30000ms @ https://yxg.130814.xyz/assets/index-Dkkm-1l8.js:31
[  135610ms] [ERROR] WebSocket connection to 'wss://yxg.130814.xyz/ws?token=eyJhbGciOiJIUzI1NiIsInR5cCI6IkpXVCJ9.eyJzdWIiOiIzIiwic3RhZmZfaWQiOiI0MTI1MTUwMDAxIiwicm9sZSI6InN0dWRlbnQiLCJjb2xsZWdlX2lkIjoxNywiY2xhc3NfaWQiOjEsIm5hbWUiOiJcdTllYzRcdTk3NTkiLCJleHAiOjE3Nzc3MjkzMjZ9.grHkCsDi7TfdK5RdlN3f__-d9vt3M1ny9utdcjs3f9s' failed: Error during WebSocket handshake: Unexpected response code: 200 @ https://yxg.130814.xyz/assets/index-Dkkm-1l8.js:24
[  135610ms] [LOG] [WS] disconnected @ https://yxg.130814.xyz/assets/index-Dkkm-1l8.js:31
[  135610ms] [LOG] [WS] reconnect #8 in 30000ms @ https://yxg.130814.xyz/assets/index-Dkkm-1l8.js:31
[  167151ms] [ERROR] WebSocket connection to 'wss://yxg.130814.xyz/ws?token=eyJhbGciOiJIUzI1NiIsInR5cCI6IkpXVCJ9.eyJzdWIiOiIzIiwic3RhZmZfaWQiOiI0MTI1MTUwMDAxIiwicm9sZSI6InN0dWRlbnQiLCJjb2xsZWdlX2lkIjoxNywiY2xhc3NfaWQiOjEsIm5hbWUiOiJcdTllYzRcdTk3NTkiLCJleHAiOjE3Nzc3MjkzMjZ9.grHkCsDi7TfdK5RdlN3f__-d9vt3M1ny9utdcjs3f9s' failed: Error during WebSocket handshake: Unexpected response code: 200 @ https://yxg.130814.xyz/assets/index-Dkkm-1l8.js:24
[  167151ms] [LOG] [WS] disconnected @ https://yxg.130814.xyz/assets/index-Dkkm-1l8.js:31
[  167151ms] [LOG] [WS] reconnect #9 in 30000ms @ https://yxg.130814.xyz/assets/index-Dkkm-1l8.js:31
[  198652ms] [ERROR] WebSocket connection to 'wss://yxg.130814.xyz/ws?token=eyJhbGciOiJIUzI1NiIsInR5cCI6IkpXVCJ9.eyJzdWIiOiIzIiwic3RhZmZfaWQiOiI0MTI1MTUwMDAxIiwicm9sZSI6InN0dWRlbnQiLCJjb2xsZWdlX2lkIjoxNywiY2xhc3NfaWQiOjEsIm5hbWUiOiJcdTllYzRcdTk3NTkiLCJleHAiOjE3Nzc3MjkzMjZ9.grHkCsDi7TfdK5RdlN3f__-d9vt3M1ny9utdcjs3f9s' failed: Error during WebSocket handshake: Unexpected response code: 200 @ https://yxg.130814.xyz/assets/index-Dkkm-1l8.js:24
[  198652ms] [LOG] [WS] disconnected @ https://yxg.130814.xyz/assets/index-Dkkm-1l8.js:31
[  198652ms] [LOG] [WS] reconnect #10 in 30000ms @ https://yxg.130814.xyz/assets/index-Dkkm-1l8.js:31
[  230214ms] [ERROR] WebSocket connection to 'wss://yxg.130814.xyz/ws?token=eyJhbGciOiJIUzI1NiIsInR5cCI6IkpXVCJ9.eyJzdWIiOiIzIiwic3RhZmZfaWQiOiI0MTI1MTUwMDAxIiwicm9sZSI6InN0dWRlbnQiLCJjb2xsZWdlX2lkIjoxNywiY2xhc3NfaWQiOjEsIm5hbWUiOiJcdTllYzRcdTk3NTkiLCJleHAiOjE3Nzc3MjkzMjZ9.grHkCsDi7TfdK5RdlN3f__-d9vt3M1ny9utdcjs3f9s' failed: Error during WebSocket handshake: Unexpected response code: 200 @ https://yxg.130814.xyz/assets/index-Dkkm-1l8.js:24
[  230214ms] [LOG] [WS] disconnected @ https://yxg.130814.xyz/assets/index-Dkkm-1l8.js:31
[  303464ms] [ERROR] Failed to load resource: the server responded with a status of 404 () @ https://fonts.gstatic.com/s/manrope/v15/xn7_YHE41ni1AdIRqAuZuw1Bx9mbZk59FO_F87jxeN7B.woff2:0
[  303846ms] [ERROR] WebSocket connection to 'wss://yxg.130814.xyz/ws?token=eyJhbGciOiJIUzI1NiIsInR5cCI6IkpXVCJ9.eyJzdWIiOiIzIiwic3RhZmZfaWQiOiI0MTI1MTUwMDAxIiwicm9sZSI6InN0dWRlbnQiLCJjb2xsZWdlX2lkIjoxNywiY2xhc3NfaWQiOjEsIm5hbWUiOiJcdTllYzRcdTk3NTkiLCJleHAiOjE3Nzc3MjkzMjZ9.grHkCsDi7TfdK5RdlN3f__-d9vt3M1ny9utdcjs3f9s' failed: Error during WebSocket handshake: Unexpected response code: 200 @ https://yxg.130814.xyz/assets/index-Dkkm-1l8.js:24
[  303846ms] [LOG] [WS] disconnected @ https://yxg.130814.xyz/assets/index-Dkkm-1l8.js:31
[  303846ms] [LOG] [WS] reconnect #1 in 1000ms @ https://yxg.130814.xyz/assets/index-Dkkm-1l8.js:31
[  306400ms] [ERROR] WebSocket connection to 'wss://yxg.130814.xyz/ws?token=eyJhbGciOiJIUzI1NiIsInR5cCI6IkpXVCJ9.eyJzdWIiOiIzIiwic3RhZmZfaWQiOiI0MTI1MTUwMDAxIiwicm9sZSI6InN0dWRlbnQiLCJjb2xsZWdlX2lkIjoxNywiY2xhc3NfaWQiOjEsIm5hbWUiOiJcdTllYzRcdTk3NTkiLCJleHAiOjE3Nzc3MjkzMjZ9.grHkCsDi7TfdK5RdlN3f__-d9vt3M1ny9utdcjs3f9s' failed: Error during WebSocket handshake: Unexpected response code: 200 @ https://yxg.130814.xyz/assets/index-Dkkm-1l8.js:24
[  306400ms] [LOG] [WS] disconnected @ https://yxg.130814.xyz/assets/index-Dkkm-1l8.js:31
[  306400ms] [LOG] [WS] reconnect #2 in 2000ms @ https://yxg.130814.xyz/assets/index-Dkkm-1l8.js:31
[  309926ms] [ERROR] WebSocket connection to 'wss://yxg.130814.xyz/ws?token=eyJhbGciOiJIUzI1NiIsInR5cCI6IkpXVCJ9.eyJzdWIiOiIzIiwic3RhZmZfaWQiOiI0MTI1MTUwMDAxIiwicm9sZSI6InN0dWRlbnQiLCJjb2xsZWdlX2lkIjoxNywiY2xhc3NfaWQiOjEsIm5hbWUiOiJcdTllYzRcdTk3NTkiLCJleHAiOjE3Nzc3MjkzMjZ9.grHkCsDi7TfdK5RdlN3f__-d9vt3M1ny9utdcjs3f9s' failed: Error during WebSocket handshake: Unexpected response code: 200 @ https://yxg.130814.xyz/assets/index-Dkkm-1l8.js:24
[  309926ms] [LOG] [WS] disconnected @ https://yxg.130814.xyz/assets/index-Dkkm-1l8.js:31
[  309926ms] [LOG] [WS] reconnect #3 in 4000ms @ https://yxg.130814.xyz/assets/index-Dkkm-1l8.js:31
[  315483ms] [ERROR] WebSocket connection to 'wss://yxg.130814.xyz/ws?token=eyJhbGciOiJIUzI1NiIsInR5cCI6IkpXVCJ9.eyJzdWIiOiIzIiwic3RhZmZfaWQiOiI0MTI1MTUwMDAxIiwicm9sZSI6InN0dWRlbnQiLCJjb2xsZWdlX2lkIjoxNywiY2xhc3NfaWQiOjEsIm5hbWUiOiJcdTllYzRcdTk3NTkiLCJleHAiOjE3Nzc3MjkzMjZ9.grHkCsDi7TfdK5RdlN3f__-d9vt3M1ny9utdcjs3f9s' failed: Error during WebSocket handshake: Unexpected response code: 200 @ https://yxg.130814.xyz/assets/index-Dkkm-1l8.js:24
[  315483ms] [LOG] [WS] disconnected @ https://yxg.130814.xyz/assets/index-Dkkm-1l8.js:31
[  315483ms] [LOG] [WS] reconnect #4 in 8000ms @ https://yxg.130814.xyz/assets/index-Dkkm-1l8.js:31
[  324981ms] [ERROR] WebSocket connection to 'wss://yxg.130814.xyz/ws?token=eyJhbGciOiJIUzI1NiIsInR5cCI6IkpXVCJ9.eyJzdWIiOiIzIiwic3RhZmZfaWQiOiI0MTI1MTUwMDAxIiwicm9sZSI6InN0dWRlbnQiLCJjb2xsZWdlX2lkIjoxNywiY2xhc3NfaWQiOjEsIm5hbWUiOiJcdTllYzRcdTk3NTkiLCJleHAiOjE3Nzc3MjkzMjZ9.grHkCsDi7TfdK5RdlN3f__-d9vt3M1ny9utdcjs3f9s' failed: Error during WebSocket handshake: Unexpected response code: 200 @ https://yxg.130814.xyz/assets/index-Dkkm-1l8.js:24
[  324981ms] [LOG] [WS] disconnected @ https://yxg.130814.xyz/assets/index-Dkkm-1l8.js:31
[  324981ms] [LOG] [WS] reconnect #5 in 16000ms @ https://yxg.130814.xyz/assets/index-Dkkm-1l8.js:31
[  342507ms] [ERROR] WebSocket connection to 'wss://yxg.130814.xyz/ws?token=eyJhbGciOiJIUzI1NiIsInR5cCI6IkpXVCJ9.eyJzdWIiOiIzIiwic3RhZmZfaWQiOiI0MTI1MTUwMDAxIiwicm9sZSI6InN0dWRlbnQiLCJjb2xsZWdlX2lkIjoxNywiY2xhc3NfaWQiOjEsIm5hbWUiOiJcdTllYzRcdTk3NTkiLCJleHAiOjE3Nzc3MjkzMjZ9.grHkCsDi7TfdK5RdlN3f__-d9vt3M1ny9utdcjs3f9s' failed: Error during WebSocket handshake: Unexpected response code: 200 @ https://yxg.130814.xyz/assets/index-Dkkm-1l8.js:24
[  342507ms] [LOG] [WS] disconnected @ https://yxg.130814.xyz/assets/index-Dkkm-1l8.js:31
[  342508ms] [LOG] [WS] reconnect #6 in 30000ms @ https://yxg.130814.xyz/assets/index-Dkkm-1l8.js:31
[  374030ms] [ERROR] WebSocket connection to 'wss://yxg.130814.xyz/ws?token=eyJhbGciOiJIUzI1NiIsInR5cCI6IkpXVCJ9.eyJzdWIiOiIzIiwic3RhZmZfaWQiOiI0MTI1MTUwMDAxIiwicm9sZSI6InN0dWRlbnQiLCJjb2xsZWdlX2lkIjoxNywiY2xhc3NfaWQiOjEsIm5hbWUiOiJcdTllYzRcdTk3NTkiLCJleHAiOjE3Nzc3MjkzMjZ9.grHkCsDi7TfdK5RdlN3f__-d9vt3M1ny9utdcjs3f9s' failed: Error during WebSocket handshake: Unexpected response code: 200 @ https://yxg.130814.xyz/assets/index-Dkkm-1l8.js:24
[  374030ms] [LOG] [WS] disconnected @ https://yxg.130814.xyz/assets/index-Dkkm-1l8.js:31
[  374030ms] [LOG] [WS] reconnect #7 in 30000ms @ https://yxg.130814.xyz/assets/index-Dkkm-1l8.js:31
[  406058ms] [ERROR] WebSocket connection to 'wss://yxg.130814.xyz/ws?token=eyJhbGciOiJIUzI1NiIsInR5cCI6IkpXVCJ9.eyJzdWIiOiIzIiwic3RhZmZfaWQiOiI0MTI1MTUwMDAxIiwicm9sZSI6InN0dWRlbnQiLCJjb2xsZWdlX2lkIjoxNywiY2xhc3NfaWQiOjEsIm5hbWUiOiJcdTllYzRcdTk3NTkiLCJleHAiOjE3Nzc3MjkzMjZ9.grHkCsDi7TfdK5RdlN3f__-d9vt3M1ny9utdcjs3f9s' failed: Error during WebSocket handshake: Unexpected response code: 200 @ https://yxg.130814.xyz/assets/index-Dkkm-1l8.js:24
[  406058ms] [LOG] [WS] disconnected @ https://yxg.130814.xyz/assets/index-Dkkm-1l8.js:31
[  406058ms] [LOG] [WS] reconnect #8 in 30000ms @ https://yxg.130814.xyz/assets/index-Dkkm-1l8.js:31
